// Jest Snapshot v1, https://goo.gl/fbAQLP

exports[`Spinner component should match the snapshot when rendered 1`] = `
<div
  className="Spinner-container"
>
  <span
    className="spinner-text"
  >
    Retrieving popular events
  </span>
  <div
    className="spinner"
  >
    <div />
    <div />
    <div />
    <div />
  </div>
</div>
`;
