// Jest Snapshot v1, https://goo.gl/fbAQLP

exports[`EventDetailPage component should match the snapshot when rendered before events load 1`] = `null`;
